
[07-Aug-2026 11:11:49 Asia/Kolkata] Created trip ID: 7
[07-Aug-2026 11:11:49 Asia/Kolkata] Found students: 3
[07-Aug-2026 11:11:49 Asia/Kolkata] Inserted student: 4
[07-Aug-2026 11:11:49 Asia/Kolkata] Inserted student: 3
[07-Aug-2026 11:11:49 Asia/Kolkata] Inserted student: 2
[07-Aug-2026 11:35:58 Asia/Kolkata] PHP Fatal error:  Cannot redeclare App\Controllers\TransportController::updateAssignment() in C:\xampp\htdocs\psnf\app\Controllers\TransportController.php on line 549
[07-Aug-2026 11:35:59 Asia/Kolkata] PHP Fatal error:  Cannot redeclare App\Controllers\TransportController::updateAssignment() in C:\xampp\htdocs\psnf\app\Controllers\TransportController.php on line 549
[07-Aug-2026 11:37:10 Asia/Kolkata] PHP Fatal error:  Cannot redeclare App\Controllers\TransportController::assignStudent() in C:\xampp\htdocs\psnf\app\Controllers\TransportController.php on line 537
[07-Aug-2026 11:37:11 Asia/Kolkata] PHP Fatal error:  Cannot redeclare App\Controllers\TransportController::assignStudent() in C:\xampp\htdocs\psnf\app\Controllers\TransportController.php on line 537
[07-Aug-2026 11:37:22 Asia/Kolkata] PHP Fatal error:  Cannot redeclare App\Controllers\TransportController::assignStudent() in C:\xampp\htdocs\psnf\app\Controllers\TransportController.php on line 537
[07-Aug-2026 11:37:43 Asia/Kolkata] PHP Fatal error:  Cannot redeclare App\Controllers\TransportController::updateAssignment() in C:\xampp\htdocs\psnf\app\Controllers\TransportController.php on line 550
[07-Aug-2026 11:37:43 Asia/Kolkata] PHP Fatal error:  Cannot redeclare App\Controllers\TransportController::updateAssignment() in C:\xampp\htdocs\psnf\app\Controllers\TransportController.php on line 550
[07-Aug-2026 11:37:47 Asia/Kolkata] PHP Fatal error:  Cannot redeclare App\Controllers\TransportController::updateAssignment() in C:\xampp\htdocs\psnf\app\Controllers\TransportController.php on line 550
[07-Aug-2026 11:37:47 Asia/Kolkata] PHP Fatal error:  Cannot redeclare App\Controllers\TransportController::updateAssignment() in C:\xampp\htdocs\psnf\app\Controllers\TransportController.php on line 550
[07-Aug-2026 11:37:48 Asia/Kolkata] PHP Fatal error:  Cannot redeclare App\Controllers\TransportController::updateAssignment() in C:\xampp\htdocs\psnf\app\Controllers\TransportController.php on line 550
[07-Aug-2026 11:37:48 Asia/Kolkata] PHP Fatal error:  Cannot redeclare App\Controllers\TransportController::updateAssignment() in C:\xampp\htdocs\psnf\app\Controllers\TransportController.php on line 550
[07-Aug-2026 11:37:48 Asia/Kolkata] PHP Fatal error:  Cannot redeclare App\Controllers\TransportController::updateAssignment() in C:\xampp\htdocs\psnf\app\Controllers\TransportController.php on line 550
[07-Aug-2026 11:53:44 Asia/Kolkata] Created trip ID: 8
[07-Aug-2026 11:53:44 Asia/Kolkata] Found students: 3
[07-Aug-2026 11:53:44 Asia/Kolkata] Inserted student: 4
[07-Aug-2026 11:53:44 Asia/Kolkata] Inserted student: 3
[07-Aug-2026 11:53:44 Asia/Kolkata] Inserted student: 2
[07-Aug-2026 12:10:17 Asia/Kolkata] Created trip ID: 9
[07-Aug-2026 12:10:17 Asia/Kolkata] Found students: 3
[07-Aug-2026 12:10:17 Asia/Kolkata] Inserted student: 4
[07-Aug-2026 12:10:17 Asia/Kolkata] Inserted student: 3
[07-Aug-2026 12:10:17 Asia/Kolkata] Inserted student: 2
[07-Aug-2026 12:13:56 Asia/Kolkata] PHP Warning:  Undefined variable $student in C:\xampp\htdocs\psnf\resources\views\parent\transport.php on line 169
[07-Aug-2026 12:13:56 Asia/Kolkata] PHP Warning:  Trying to access array offset on value of type null in C:\xampp\htdocs\psnf\resources\views\parent\transport.php on line 169
[07-Aug-2026 12:13:58 Asia/Kolkata] PHP Warning:  Undefined variable $student in C:\xampp\htdocs\psnf\resources\views\parent\transport.php on line 169
[07-Aug-2026 12:13:58 Asia/Kolkata] PHP Warning:  Trying to access array offset on value of type null in C:\xampp\htdocs\psnf\resources\views\parent\transport.php on line 169
[07-Aug-2026 12:14:01 Asia/Kolkata] PHP Warning:  Undefined variable $student in C:\xampp\htdocs\psnf\resources\views\parent\transport.php on line 169
[07-Aug-2026 12:14:01 Asia/Kolkata] PHP Warning:  Trying to access array offset on value of type null in C:\xampp\htdocs\psnf\resources\views\parent\transport.php on line 169
[07-Aug-2026 12:14:01 Asia/Kolkata] PHP Warning:  Undefined variable $student in C:\xampp\htdocs\psnf\resources\views\parent\transport.php on line 169
[07-Aug-2026 12:14:01 Asia/Kolkata] PHP Warning:  Trying to access array offset on value of type null in C:\xampp\htdocs\psnf\resources\views\parent\transport.php on line 169
[07-Aug-2026 12:14:07 Asia/Kolkata] PHP Warning:  Undefined variable $student in C:\xampp\htdocs\psnf\resources\views\parent\transport.php on line 169
[07-Aug-2026 12:14:07 Asia/Kolkata] PHP Warning:  Trying to access array offset on value of type null in C:\xampp\htdocs\psnf\resources\views\parent\transport.php on line 169
[07-Aug-2026 12:14:08 Asia/Kolkata] PHP Warning:  Undefined variable $student in C:\xampp\htdocs\psnf\resources\views\parent\transport.php on line 169
[07-Aug-2026 12:14:08 Asia/Kolkata] PHP Warning:  Trying to access array offset on value of type null in C:\xampp\htdocs\psnf\resources\views\parent\transport.php on line 169
[07-Aug-2026 12:14:08 Asia/Kolkata] PHP Warning:  Undefined variable $student in C:\xampp\htdocs\psnf\resources\views\parent\transport.php on line 169
[07-Aug-2026 12:14:08 Asia/Kolkata] PHP Warning:  Trying to access array offset on value of type null in C:\xampp\htdocs\psnf\resources\views\parent\transport.php on line 169
[07-Aug-2026 12:14:08 Asia/Kolkata] PHP Warning:  Undefined variable $student in C:\xampp\htdocs\psnf\resources\views\parent\transport.php on line 169
[07-Aug-2026 12:14:08 Asia/Kolkata] PHP Warning:  Trying to access array offset on value of type null in C:\xampp\htdocs\psnf\resources\views\parent\transport.php on line 169
[07-Aug-2026 12:14:08 Asia/Kolkata] PHP Warning:  Undefined variable $student in C:\xampp\htdocs\psnf\resources\views\parent\transport.php on line 169
[07-Aug-2026 12:14:08 Asia/Kolkata] PHP Warning:  Trying to access array offset on value of type null in C:\xampp\htdocs\psnf\resources\views\parent\transport.php on line 169
[07-Aug-2026 12:14:08 Asia/Kolkata] PHP Warning:  Undefined variable $student in C:\xampp\htdocs\psnf\resources\views\parent\transport.php on line 169
[07-Aug-2026 12:14:08 Asia/Kolkata] PHP Warning:  Trying to access array offset on value of type null in C:\xampp\htdocs\psnf\resources\views\parent\transport.php on line 169
[07-Aug-2026 12:14:09 Asia/Kolkata] PHP Warning:  Undefined variable $student in C:\xampp\htdocs\psnf\resources\views\parent\transport.php on line 169
[07-Aug-2026 12:14:09 Asia/Kolkata] PHP Warning:  Trying to access array offset on value of type null in C:\xampp\htdocs\psnf\resources\views\parent\transport.php on line 169
[07-Aug-2026 12:14:09 Asia/Kolkata] PHP Warning:  Undefined variable $student in C:\xampp\htdocs\psnf\resources\views\parent\transport.php on line 169
[07-Aug-2026 12:14:09 Asia/Kolkata] PHP Warning:  Trying to access array offset on value of type null in C:\xampp\htdocs\psnf\resources\views\parent\transport.php on line 169
[07-Aug-2026 12:14:09 Asia/Kolkata] PHP Warning:  Undefined variable $student in C:\xampp\htdocs\psnf\resources\views\parent\transport.php on line 169
[07-Aug-2026 12:14:09 Asia/Kolkata] PHP Warning:  Trying to access array offset on value of type null in C:\xampp\htdocs\psnf\resources\views\parent\transport.php on line 169
[07-Aug-2026 12:14:09 Asia/Kolkata] PHP Warning:  Undefined variable $student in C:\xampp\htdocs\psnf\resources\views\parent\transport.php on line 169
[07-Aug-2026 12:14:09 Asia/Kolkata] PHP Warning:  Trying to access array offset on value of type null in C:\xampp\htdocs\psnf\resources\views\parent\transport.php on line 169
[07-Aug-2026 12:14:25 Asia/Kolkata] PHP Warning:  Undefined variable $student in C:\xampp\htdocs\psnf\resources\views\parent\transport.php on line 169
[07-Aug-2026 12:14:25 Asia/Kolkata] PHP Warning:  Trying to access array offset on value of type null in C:\xampp\htdocs\psnf\resources\views\parent\transport.php on line 169
[07-Aug-2026 12:15:55 Asia/Kolkata] Created trip ID: 10
[07-Aug-2026 12:15:55 Asia/Kolkata] Found students: 3
[07-Aug-2026 12:15:55 Asia/Kolkata] Inserted student: 4
[07-Aug-2026 12:15:55 Asia/Kolkata] Inserted student: 3
[07-Aug-2026 12:15:55 Asia/Kolkata] Inserted student: 2
[07-Aug-2026 12:24:18 Asia/Kolkata] PHP Warning:  Undefined array key "remaining_km" in C:\xampp\htdocs\psnf\resources\views\transport\logs.php on line 124
[07-Aug-2026 12:24:18 Asia/Kolkata] PHP Warning:  Undefined array key "eta_minutes" in C:\xampp\htdocs\psnf\resources\views\transport\logs.php on line 124
[07-Aug-2026 12:24:18 Asia/Kolkata] PHP Warning:  Undefined array key "duration_sec" in C:\xampp\htdocs\psnf\resources\views\transport\logs.php on line 125
[07-Aug-2026 12:24:18 Asia/Kolkata] PHP Warning:  Undefined array key "distance_meters" in C:\xampp\htdocs\psnf\resources\views\transport\logs.php on line 125
[07-Aug-2026 12:24:21 Asia/Kolkata] PHP Warning:  Undefined array key "remaining_km" in C:\xampp\htdocs\psnf\resources\views\transport\logs.php on line 124
[07-Aug-2026 12:24:21 Asia/Kolkata] PHP Warning:  Undefined array key "eta_minutes" in C:\xampp\htdocs\psnf\resources\views\transport\logs.php on line 124
[07-Aug-2026 12:24:21 Asia/Kolkata] PHP Warning:  Undefined array key "duration_sec" in C:\xampp\htdocs\psnf\resources\views\transport\logs.php on line 125
[07-Aug-2026 12:24:21 Asia/Kolkata] PHP Warning:  Undefined array key "distance_meters" in C:\xampp\htdocs\psnf\resources\views\transport\logs.php on line 125
[07-Aug-2026 12:24:25 Asia/Kolkata] PHP Warning:  Undefined array key "remaining_km" in C:\xampp\htdocs\psnf\resources\views\transport\logs.php on line 124
[07-Aug-2026 12:24:25 Asia/Kolkata] PHP Warning:  Undefined array key "eta_minutes" in C:\xampp\htdocs\psnf\resources\views\transport\logs.php on line 124
[07-Aug-2026 12:24:25 Asia/Kolkata] PHP Warning:  Undefined array key "duration_sec" in C:\xampp\htdocs\psnf\resources\views\transport\logs.php on line 125
[07-Aug-2026 12:24:25 Asia/Kolkata] PHP Warning:  Undefined array key "distance_meters" in C:\xampp\htdocs\psnf\resources\views\transport\logs.php on line 125
[07-Aug-2026 12:24:30 Asia/Kolkata] PHP Warning:  Undefined array key "remaining_km" in C:\xampp\htdocs\psnf\resources\views\transport\logs.php on line 124
[07-Aug-2026 12:24:30 Asia/Kolkata] PHP Warning:  Undefined array key "eta_minutes" in C:\xampp\htdocs\psnf\resources\views\transport\logs.php on line 124
[07-Aug-2026 12:24:30 Asia/Kolkata] PHP Warning:  Undefined array key "duration_sec" in C:\xampp\htdocs\psnf\resources\views\transport\logs.php on line 125
[07-Aug-2026 12:24:30 Asia/Kolkata] PHP Warning:  Undefined array key "distance_meters" in C:\xampp\htdocs\psnf\resources\views\transport\logs.php on line 125
[07-Aug-2026 12:24:34 Asia/Kolkata] PHP Warning:  Undefined array key "remaining_km" in C:\xampp\htdocs\psnf\resources\views\transport\logs.php on line 124
[07-Aug-2026 12:24:34 Asia/Kolkata] PHP Warning:  Undefined array key "eta_minutes" in C:\xampp\htdocs\psnf\resources\views\transport\logs.php on line 124
[07-Aug-2026 12:24:34 Asia/Kolkata] PHP Warning:  Undefined array key "duration_sec" in C:\xampp\htdocs\psnf\resources\views\transport\logs.php on line 125
[07-Aug-2026 12:24:34 Asia/Kolkata] PHP Warning:  Undefined array key "distance_meters" in C:\xampp\htdocs\psnf\resources\views\transport\logs.php on line 125
[07-Aug-2026 12:24:54 Asia/Kolkata] PHP Warning:  Undefined array key "remaining_km" in C:\xampp\htdocs\psnf\resources\views\transport\logs.php on line 124
[07-Aug-2026 12:24:54 Asia/Kolkata] PHP Warning:  Undefined array key "eta_minutes" in C:\xampp\htdocs\psnf\resources\views\transport\logs.php on line 124
[07-Aug-2026 12:24:54 Asia/Kolkata] PHP Warning:  Undefined array key "duration_sec" in C:\xampp\htdocs\psnf\resources\views\transport\logs.php on line 125
[07-Aug-2026 12:24:54 Asia/Kolkata] PHP Warning:  Undefined array key "distance_meters" in C:\xampp\htdocs\psnf\resources\views\transport\logs.php on line 125
[07-Aug-2026 12:24:54 Asia/Kolkata] PHP Warning:  Undefined array key "remaining_km" in C:\xampp\htdocs\psnf\resources\views\transport\logs.php on line 124
[07-Aug-2026 12:24:54 Asia/Kolkata] PHP Warning:  Undefined array key "eta_minutes" in C:\xampp\htdocs\psnf\resources\views\transport\logs.php on line 124
[07-Aug-2026 12:24:54 Asia/Kolkata] PHP Warning:  Undefined array key "duration_sec" in C:\xampp\htdocs\psnf\resources\views\transport\logs.php on line 125
[07-Aug-2026 12:24:54 Asia/Kolkata] PHP Warning:  Undefined array key "distance_meters" in C:\xampp\htdocs\psnf\resources\views\transport\logs.php on line 125
[07-Aug-2026 12:24:58 Asia/Kolkata] PHP Warning:  Undefined array key "remaining_km" in C:\xampp\htdocs\psnf\resources\views\transport\logs.php on line 124
[07-Aug-2026 12:24:58 Asia/Kolkata] PHP Warning:  Undefined array key "eta_minutes" in C:\xampp\htdocs\psnf\resources\views\transport\logs.php on line 124
[07-Aug-2026 12:24:58 Asia/Kolkata] PHP Warning:  Undefined array key "duration_sec" in C:\xampp\htdocs\psnf\resources\views\transport\logs.php on line 125
[07-Aug-2026 12:24:58 Asia/Kolkata] PHP Warning:  Undefined array key "distance_meters" in C:\xampp\htdocs\psnf\resources\views\transport\logs.php on line 125
[07-Aug-2026 12:24:58 Asia/Kolkata] PHP Warning:  Undefined array key "remaining_km" in C:\xampp\htdocs\psnf\resources\views\transport\logs.php on line 124
[07-Aug-2026 12:24:58 Asia/Kolkata] PHP Warning:  Undefined array key "eta_minutes" in C:\xampp\htdocs\psnf\resources\views\transport\logs.php on line 124
[07-Aug-2026 12:24:58 Asia/Kolkata] PHP Warning:  Undefined array key "duration_sec" in C:\xampp\htdocs\psnf\resources\views\transport\logs.php on line 125
[07-Aug-2026 12:24:58 Asia/Kolkata] PHP Warning:  Undefined array key "distance_meters" in C:\xampp\htdocs\psnf\resources\views\transport\logs.php on line 125
[07-Aug-2026 12:25:03 Asia/Kolkata] PHP Warning:  Undefined array key "remaining_km" in C:\xampp\htdocs\psnf\resources\views\transport\logs.php on line 124
[07-Aug-2026 12:25:03 Asia/Kolkata] PHP Warning:  Undefined array key "eta_minutes" in C:\xampp\htdocs\psnf\resources\views\transport\logs.php on line 124
[07-Aug-2026 12:25:03 Asia/Kolkata] PHP Warning:  Undefined array key "duration_sec" in C:\xampp\htdocs\psnf\resources\views\transport\logs.php on line 125
[07-Aug-2026 12:25:03 Asia/Kolkata] PHP Warning:  Undefined array key "distance_meters" in C:\xampp\htdocs\psnf\resources\views\transport\logs.php on line 125
[07-Aug-2026 12:25:03 Asia/Kolkata] PHP Warning:  Undefined array key "remaining_km" in C:\xampp\htdocs\psnf\resources\views\transport\logs.php on line 124
[07-Aug-2026 12:25:03 Asia/Kolkata] PHP Warning:  Undefined array key "eta_minutes" in C:\xampp\htdocs\psnf\resources\views\transport\logs.php on line 124
[07-Aug-2026 12:25:03 Asia/Kolkata] PHP Warning:  Undefined array key "duration_sec" in C:\xampp\htdocs\psnf\resources\views\transport\logs.php on line 125
[07-Aug-2026 12:25:03 Asia/Kolkata] PHP Warning:  Undefined array key "distance_meters" in C:\xampp\htdocs\psnf\resources\views\transport\logs.php on line 125
[07-Aug-2026 12:25:08 Asia/Kolkata] PHP Warning:  Undefined array key "remaining_km" in C:\xampp\htdocs\psnf\resources\views\transport\logs.php on line 124
[07-Aug-2026 12:25:08 Asia/Kolkata] PHP Warning:  Undefined array key "eta_minutes" in C:\xampp\htdocs\psnf\resources\views\transport\logs.php on line 124
[07-Aug-2026 12:25:08 Asia/Kolkata] PHP Warning:  Undefined array key "duration_sec" in C:\xampp\htdocs\psnf\resources\views\transport\logs.php on line 125
[07-Aug-2026 12:25:08 Asia/Kolkata] PHP Warning:  Undefined array key "distance_meters" in C:\xampp\htdocs\psnf\resources\views\transport\logs.php on line 125
[07-Aug-2026 12:25:08 Asia/Kolkata] PHP Warning:  Undefined array key "remaining_km" in C:\xampp\htdocs\psnf\resources\views\transport\logs.php on line 124
[07-Aug-2026 12:25:08 Asia/Kolkata] PHP Warning:  Undefined array key "eta_minutes" in C:\xampp\htdocs\psnf\resources\views\transport\logs.php on line 124
[07-Aug-2026 12:25:08 Asia/Kolkata] PHP Warning:  Undefined array key "duration_sec" in C:\xampp\htdocs\psnf\resources\views\transport\logs.php on line 125
[07-Aug-2026 12:25:08 Asia/Kolkata] PHP Warning:  Undefined array key "distance_meters" in C:\xampp\htdocs\psnf\resources\views\transport\logs.php on line 125
[07-Aug-2026 12:33:49 Asia/Kolkata] Created trip ID: 11
[07-Aug-2026 12:33:49 Asia/Kolkata] Found students: 3
[07-Aug-2026 12:33:49 Asia/Kolkata] Inserted student: 4
[07-Aug-2026 12:33:49 Asia/Kolkata] Inserted student: 3
[07-Aug-2026 12:33:49 Asia/Kolkata] Inserted student: 2
[07-Aug-2026 12:37:00 Asia/Kolkata] Created trip ID: 12
[07-Aug-2026 12:37:00 Asia/Kolkata] Found students: 3
[07-Aug-2026 12:37:00 Asia/Kolkata] Inserted student: 4
[07-Aug-2026 12:37:00 Asia/Kolkata] Inserted student: 3
[07-Aug-2026 12:37:00 Asia/Kolkata] Inserted student: 2
[07-Aug-2026 12:42:20 Asia/Kolkata] Created trip ID: 13
[07-Aug-2026 12:42:20 Asia/Kolkata] Found students: 3
[07-Aug-2026 12:42:20 Asia/Kolkata] Inserted student: 4
[07-Aug-2026 12:42:20 Asia/Kolkata] Inserted student: 3
[07-Aug-2026 12:42:20 Asia/Kolkata] Inserted student: 2
[07-Aug-2026 14:50:30 Asia/Kolkata] Exception: SQLSTATE[42S21]: Column already exists: 1060 Duplicate column name 'medical_certificate'
#0 C:\xampp\htdocs\psnf\core\Database.php(59): PDOStatement->execute(Array)
#1 C:\xampp\htdocs\psnf\database\migrations\023_add_medical_certificate_to_attendance_table.php(11): Core\Database->query('\r\n            A...')
#2 C:\xampp\htdocs\psnf\core\Migration.php(58): AddMedicalCertificateToAttendanceTable->up()
#3 C:\xampp\htdocs\psnf\test.php(17): Core\Migration->run()
#4 {main}
[15-Aug-2026 11:07:02 Asia/Kolkata] Exception: syntax error, unexpected token "=>", expecting ")"
#0 C:\xampp\htdocs\psnf\core\Controller.php(20): Core\View::render('dashboard/games', Array)
#1 C:\xampp\htdocs\psnf\app\Controllers\DashboardController.php(121): Core\Controller->view('dashboard/games')
#2 C:\xampp\htdocs\psnf\core\Router.php(102): App\Controllers\DashboardController->games()
#3 C:\xampp\htdocs\psnf\core\Application.php(114): Core\Router->resolve()
#4 C:\xampp\htdocs\psnf\public\index.php(38): Core\Application->run()
#5 {main}
[15-Aug-2026 11:29:38 Asia/Kolkata] PHP Warning:  Undefined variable $matrix in C:\xampp\htdocs\psnf\resources\views\roles\index.php on line 313
[15-Aug-2026 11:30:01 Asia/Kolkata] PHP Warning:  Undefined variable $matrix in C:\xampp\htdocs\psnf\resources\views\roles\index.php on line 313
[15-Aug-2026 11:37:23 Asia/Kolkata] PHP Notice:  session_start(): Ignoring session_start() because a session is already active in C:\xampp\htdocs\psnf\check_role_perms.php on line 27
[15-Aug-2026 13:30:40 Asia/Kolkata] Exception: SQLSTATE[42S21]: Column already exists: 1060 Duplicate column name 'medical_certificate'
#0 C:\xampp\htdocs\psnf\core\Database.php(59): PDOStatement->execute(Array)
#1 C:\xampp\htdocs\psnf\database\migrations\023_add_medical_certificate_to_attendance_table.php(11): Core\Database->query('\r\n            A...')
#2 C:\xampp\htdocs\psnf\core\Migration.php(58): AddMedicalCertificateToAttendanceTable->up()
#3 C:\xampp\htdocs\psnf\scratch_run_migrate.php(14): Core\Migration->run()
#4 {main}
[15-Aug-2026 13:34:53 Asia/Kolkata] PHP Fatal error:  Access level to App\Controllers\PayrollController::authId() must be protected (as in class Core\Controller) or weaker in C:\xampp\htdocs\psnf\app\Controllers\PayrollController.php on line 19
[15-Aug-2026 13:36:07 Asia/Kolkata] PHP Fatal error:  Access level to App\Controllers\PayrollController::authId() must be protected (as in class Core\Controller) or weaker in C:\xampp\htdocs\psnf\app\Controllers\PayrollController.php on line 19
[15-Aug-2026 13:36:08 Asia/Kolkata] PHP Fatal error:  Access level to App\Controllers\PayrollController::authId() must be protected (as in class Core\Controller) or weaker in C:\xampp\htdocs\psnf\app\Controllers\PayrollController.php on line 19
[15-Aug-2026 13:36:08 Asia/Kolkata] PHP Fatal error:  Access level to App\Controllers\PayrollController::authId() must be protected (as in class Core\Controller) or weaker in C:\xampp\htdocs\psnf\app\Controllers\PayrollController.php on line 19
[15-Aug-2026 13:37:48 Asia/Kolkata] PHP Fatal error:  Access level to App\Controllers\PayrollController::authId() must be protected (as in class Core\Controller) or weaker in C:\xampp\htdocs\psnf\app\Controllers\PayrollController.php on line 19
[15-Aug-2026 13:37:48 Asia/Kolkata] PHP Fatal error:  Access level to App\Controllers\PayrollController::authId() must be protected (as in class Core\Controller) or weaker in C:\xampp\htdocs\psnf\app\Controllers\PayrollController.php on line 19
[15-Aug-2026 14:28:59 Asia/Kolkata] Exception: SQLSTATE[42S22]: Column not found: 1054 Unknown column 'deleted_at' in 'where clause'
#0 C:\xampp\htdocs\psnf\core\Database.php(58): PDO->prepare('SELECT DISTINCT...')
#1 C:\xampp\htdocs\psnf\core\Database.php(66): Core\Database->query('SELECT DISTINCT...', Array)
#2 C:\xampp\htdocs\psnf\app\Controllers\AnnouncementController.php(32): Core\Database->select('SELECT DISTINCT...', Array)
#3 C:\xampp\htdocs\psnf\core\Router.php(102): App\Controllers\AnnouncementController->index()
#4 C:\xampp\htdocs\psnf\core\Application.php(114): Core\Router->resolve()
#5 C:\xampp\htdocs\psnf\public\index.php(38): Core\Application->run()
#6 {main}
[15-Aug-2026 14:28:59 Asia/Kolkata] Exception: SQLSTATE[42S22]: Column not found: 1054 Unknown column 'deleted_at' in 'where clause'
#0 C:\xampp\htdocs\psnf\core\Database.php(58): PDO->prepare('SELECT DISTINCT...')
#1 C:\xampp\htdocs\psnf\core\Database.php(66): Core\Database->query('SELECT DISTINCT...', Array)
#2 C:\xampp\htdocs\psnf\app\Controllers\AnnouncementController.php(32): Core\Database->select('SELECT DISTINCT...', Array)
#3 C:\xampp\htdocs\psnf\core\Router.php(102): App\Controllers\AnnouncementController->index()
#4 C:\xampp\htdocs\psnf\core\Application.php(114): Core\Router->resolve()
#5 C:\xampp\htdocs\psnf\public\index.php(38): Core\Application->run()
#6 {main}
[15-Aug-2026 14:37:24 Asia/Kolkata] PHP Warning:  Undefined array key "working_hours" in C:\xampp\htdocs\psnf\resources\views\staff\employee_show.php on line 276
[15-Aug-2026 14:37:24 Asia/Kolkata] PHP Warning:  Undefined array key "working_hours" in C:\xampp\htdocs\psnf\resources\views\staff\employee_show.php on line 276
[15-Aug-2026 14:37:32 Asia/Kolkata] PHP Warning:  Undefined array key "working_hours" in C:\xampp\htdocs\psnf\resources\views\staff\employee_show.php on line 276
[15-Aug-2026 14:37:32 Asia/Kolkata] PHP Warning:  Undefined array key "working_hours" in C:\xampp\htdocs\psnf\resources\views\staff\employee_show.php on line 276
[15-Aug-2026 14:37:44 Asia/Kolkata] PHP Warning:  Undefined array key "working_hours" in C:\xampp\htdocs\psnf\resources\views\staff\employee_show.php on line 276
[15-Aug-2026 14:37:44 Asia/Kolkata] PHP Warning:  Undefined array key "working_hours" in C:\xampp\htdocs\psnf\resources\views\staff\employee_show.php on line 276
[15-Aug-2026 14:37:46 Asia/Kolkata] PHP Warning:  Undefined array key "working_hours" in C:\xampp\htdocs\psnf\resources\views\staff\employee_show.php on line 276
[15-Aug-2026 14:37:46 Asia/Kolkata] PHP Warning:  Undefined array key "working_hours" in C:\xampp\htdocs\psnf\resources\views\staff\employee_show.php on line 276
[15-Aug-2026 14:38:13 Asia/Kolkata] PHP Warning:  Undefined array key "working_hours" in C:\xampp\htdocs\psnf\resources\views\staff\employee_show.php on line 276
[15-Aug-2026 14:38:13 Asia/Kolkata] PHP Warning:  Undefined array key "working_hours" in C:\xampp\htdocs\psnf\resources\views\staff\employee_show.php on line 276
[15-Aug-2026 15:10:11 Asia/Kolkata] Exception: SQLSTATE[42S22]: Column not found: 1054 Unknown column 'disability_type' in 'field list'
#0 C:\xampp\htdocs\psnf\core\Database.php(58): PDO->prepare('\n            SE...')
#1 C:\xampp\htdocs\psnf\core\Database.php(66): Core\Database->query('\n            SE...', Array)
#2 C:\xampp\htdocs\psnf\app\Controllers\ReportsController.php(116): Core\Database->select('\n            SE...', Array)
#3 C:\xampp\htdocs\psnf\core\Router.php(102): App\Controllers\ReportsController->students()
#4 C:\xampp\htdocs\psnf\core\Application.php(114): Core\Router->resolve()
#5 C:\xampp\htdocs\psnf\public\index.php(38): Core\Application->run()
#6 {main}
[15-Aug-2026 15:11:03 Asia/Kolkata] Exception: SQLSTATE[42S22]: Column not found: 1054 Unknown column 'disability_type' in 'field list'
#0 C:\xampp\htdocs\psnf\core\Database.php(58): PDO->prepare('\n            SE...')
#1 C:\xampp\htdocs\psnf\core\Database.php(66): Core\Database->query('\n            SE...', Array)
#2 C:\xampp\htdocs\psnf\app\Controllers\ReportsController.php(116): Core\Database->select('\n            SE...', Array)
#3 C:\xampp\htdocs\psnf\core\Router.php(102): App\Controllers\ReportsController->students()
#4 C:\xampp\htdocs\psnf\core\Application.php(114): Core\Router->resolve()
#5 C:\xampp\htdocs\psnf\public\index.php(38): Core\Application->run()
#6 {main}
[15-Aug-2026 15:11:03 Asia/Kolkata] Exception: SQLSTATE[42S22]: Column not found: 1054 Unknown column 'disability_type' in 'field list'
#0 C:\xampp\htdocs\psnf\core\Database.php(58): PDO->prepare('\n            SE...')
#1 C:\xampp\htdocs\psnf\core\Database.php(66): Core\Database->query('\n            SE...', Array)
#2 C:\xampp\htdocs\psnf\app\Controllers\ReportsController.php(116): Core\Database->select('\n            SE...', Array)
#3 C:\xampp\htdocs\psnf\core\Router.php(102): App\Controllers\ReportsController->students()
#4 C:\xampp\htdocs\psnf\core\Application.php(114): Core\Router->resolve()
#5 C:\xampp\htdocs\psnf\public\index.php(38): Core\Application->run()
#6 {main}
